Release 14.6 - xst P.68d (nt64)
Copyright (c) 1995-2013 Xilinx, Inc.  All rights reserved.
--> Parameter TMPDIR set to xst/projnav.tmp


Total REAL time to Xst completion: 0.00 secs
Total CPU time to Xst completion: 0.22 secs
 
--> Parameter xsthdpdir set to xst


Total REAL time to Xst completion: 0.00 secs
Total CPU time to Xst completion: 0.22 secs
 
--> Reading design: FPCVT.prj

TABLE OF CONTENTS
  1) Synthesis Options Summary
  2) HDL Parsing
  3) HDL Elaboration
  4) HDL Synthesis
       4.1) HDL Synthesis Report
  5) Advanced HDL Synthesis
       5.1) Advanced HDL Synthesis Report
  6) Low Level Synthesis
  7) Partition Report
  8) Design Summary
       8.1) Primitive and Black Box Usage
       8.2) Device utilization summary
       8.3) Partition Resource Summary
       8.4) Timing Report
            8.4.1) Clock Information
            8.4.2) Asynchronous Control Signals Information
            8.4.3) Timing Summary
            8.4.4) Timing Details
            8.4.5) Cross Clock Domains Report


=========================================================================
*                      Synthesis Options Summary                        *
=========================================================================
---- Source Parameters
Input File Name                    : "FPCVT.prj"
Ignore Synthesis Constraint File   : NO

---- Target Parameters
Output File Name                   : "FPCVT"
Output Format                      : NGC
Target Device                      : xc6slx16-3-csg324

---- Source Options
Top Module Name                    : FPCVT
Automatic FSM Extraction           : YES
FSM Encoding Algorithm             : Auto
Safe Implementation                : No
FSM Style                          : LUT
RAM Extraction                     : Yes
RAM Style                          : Auto
ROM Extraction                     : Yes
Shift Register Extraction          : YES
ROM Style                          : Auto
Resource Sharing                   : YES
Asynchronous To Synchronous        : NO
Shift Register Minimum Size        : 2
Use DSP Block                      : Auto
Automatic Register Balancing       : No

---- Target Options
LUT Combining                      : Auto
Reduce Control Sets                : Auto
Add IO Buffers                     : YES
Global Maximum Fanout              : 100000
Add Generic Clock Buffer(BUFG)     : 16
Register Duplication               : YES
Optimize Instantiated Primitives   : NO
Use Clock Enable                   : Auto
Use Synchronous Set                : Auto
Use Synchronous Reset              : Auto
Pack IO Registers into IOBs        : Auto
Equivalent register Removal        : YES

---- General Options
Optimization Goal                  : Speed
Optimization Effort                : 1
Power Reduction                    : NO
Keep Hierarchy                     : No
Netlist Hierarchy                  : As_Optimized
RTL Output                         : Yes
Global Optimization                : AllClockNets
Read Cores                         : YES
Write Timing Constraints           : NO
Cross Clock Analysis               : NO
Hierarchy Separator                : /
Bus Delimiter                      : <>
Case Specifier                     : Maintain
Slice Utilization Ratio            : 100
BRAM Utilization Ratio             : 100
DSP48 Utilization Ratio            : 100
Auto BRAM Packing                  : NO
Slice Utilization Ratio Delta      : 5

=========================================================================


=========================================================================
*                          HDL Parsing                                  *
=========================================================================
Analyzing Verilog file "C:\Users\152\CS-M152-A\lab1\FPCVT.v" into library work
Parsing module <FPCVT>.
Parsing module <twotosig>.
Parsing module <priEncode>.
Parsing module <round>.

=========================================================================
*                            HDL Elaboration                            *
=========================================================================

Elaborating module <FPCVT>.

Elaborating module <twotosig>.

Elaborating module <priEncode>.

Elaborating module <round>.
WARNING:HDLCompiler:413 - "C:\Users\152\CS-M152-A\lab1\FPCVT.v" Line 245: Result of 4-bit expression is truncated to fit in 3-bit target.
WARNING:HDLCompiler:413 - "C:\Users\152\CS-M152-A\lab1\FPCVT.v" Line 249: Result of 4-bit expression is truncated to fit in 3-bit target.
WARNING:HDLCompiler:413 - "C:\Users\152\CS-M152-A\lab1\FPCVT.v" Line 254: Result of 4-bit expression is truncated to fit in 3-bit target.
WARNING:HDLCompiler:413 - "C:\Users\152\CS-M152-A\lab1\FPCVT.v" Line 260: Result of 4-bit expression is truncated to fit in 3-bit target.
WARNING:HDLCompiler:189 - "C:\Users\152\CS-M152-A\lab1\FPCVT.v" Line 152: Size mismatch in connection of port <F>. Formal port size is 3-bit while actual signal size is 4-bit.

=========================================================================
*                           HDL Synthesis                               *
=========================================================================

Synthesizing Unit <FPCVT>.
    Related source file is "C:\Users\152\CS-M152-A\lab1\FPCVT.v".
    Summary:
	no macro.
Unit <FPCVT> synthesized.

Synthesizing Unit <twotosig>.
    Related source file is "C:\Users\152\CS-M152-A\lab1\FPCVT.v".
    Found 12-bit adder for signal <D[11]_GND_2_o_add_3_OUT> created at line 171.
    Summary:
	inferred   1 Adder/Subtractor(s).
	inferred   2 Multiplexer(s).
Unit <twotosig> synthesized.

Synthesizing Unit <priEncode>.
    Related source file is "C:\Users\152\CS-M152-A\lab1\FPCVT.v".
WARNING:Xst:647 - Input <sig<11:11>> is never used. This port will be preserved and left unconnected if it belongs to a top-level block or it belongs to a sub-block and the hierarchy of this sub-block is preserved.
    Summary:
	inferred  13 Multiplexer(s).
Unit <priEncode> synthesized.

Synthesizing Unit <round>.
    Related source file is "C:\Users\152\CS-M152-A\lab1\FPCVT.v".
    Found 4-bit subtractor for signal <GND_4_o_GND_4_o_sub_2_OUT> created at line 241.
    Found 3-bit adder for signal <E_temp[2]_GND_4_o_add_5_OUT> created at line 246.
    Found 4-bit adder for signal <n0029> created at line 249.
    Found 1-bit 12-to-1 multiplexer for signal <GND_4_o_GND_4_o_equal_4_o> created at line 241.
WARNING:Xst:737 - Found 1-bit latch for signal <E<1>>. Latches may be generated from incomplete case or if statements. We do not recommend the use of latches in FPGA/CPLD designs, as they may lead to timing problems.
WARNING:Xst:737 - Found 1-bit latch for signal <E<0>>. Latches may be generated from incomplete case or if statements. We do not recommend the use of latches in FPGA/CPLD designs, as they may lead to timing problems.
WARNING:Xst:737 - Found 1-bit latch for signal <E<2>>. Latches may be generated from incomplete case or if statements. We do not recommend the use of latches in FPGA/CPLD designs, as they may lead to timing problems.
    Found 3-bit comparator greater for signal <GND_4_o_E_temp[2]_LessThan_1_o> created at line 239
    Summary:
	inferred   3 Adder/Subtractor(s).
	inferred   3 Latch(s).
	inferred   1 Comparator(s).
	inferred  10 Multiplexer(s).
Unit <round> synthesized.

=========================================================================
HDL Synthesis Report

Macro Statistics
# Adders/Subtractors                                   : 4
 12-bit adder                                          : 1
 3-bit adder                                           : 1
 4-bit adder                                           : 1
 4-bit subtractor                                      : 1
# Latches                                              : 3
 1-bit latch                                           : 3
# Comparators                                          : 1
 3-bit comparator greater                              : 1
# Multiplexers                                         : 25
 1-bit 12-to-1 multiplexer                             : 1
 1-bit 2-to-1 multiplexer                              : 6
 12-bit 2-to-1 multiplexer                             : 2
 3-bit 2-to-1 multiplexer                              : 9
 4-bit 2-to-1 multiplexer                              : 7

=========================================================================

=========================================================================
*                       Advanced HDL Synthesis                          *
=========================================================================


=========================================================================
Advanced HDL Synthesis Report

Macro Statistics
# Adders/Subtractors                                   : 4
 12-bit adder                                          : 1
 3-bit adder                                           : 2
 4-bit subtractor                                      : 1
# Comparators                                          : 1
 3-bit comparator greater                              : 1
# Multiplexers                                         : 25
 1-bit 12-to-1 multiplexer                             : 1
 1-bit 2-to-1 multiplexer                              : 6
 12-bit 2-to-1 multiplexer                             : 2
 3-bit 2-to-1 multiplexer                              : 9
 4-bit 2-to-1 multiplexer                              : 7

=========================================================================

=========================================================================
*                         Low Level Synthesis                           *
=========================================================================

Optimizing unit <FPCVT> ...

Optimizing unit <twotosig> ...

Optimizing unit <round> ...

Mapping all equations...
Building and optimizing final netlist ...
Found area constraint ratio of 100 (+ 5) on block FPCVT, actual ratio is 0.

Final Macro Processing ...

=========================================================================
Final Register Report

Found no macro
=========================================================================

=========================================================================
*                           Partition Report                            *
=========================================================================

Partition Implementation Status
-------------------------------

  No Partitions were found in this design.

-------------------------------

=========================================================================
*                            Design Summary                             *
=========================================================================

Top Level Output File Name         : FPCVT.ngc

Primitive and Black Box Usage:
------------------------------
# BELS                             : 73
#      GND                         : 1
#      INV                         : 10
#      LUT1                        : 1
#      LUT4                        : 7
#      LUT5                        : 15
#      LUT6                        : 16
#      MUXCY                       : 10
#      MUXF7                       : 1
#      VCC                         : 1
#      XORCY                       : 11
# FlipFlops/Latches                : 3
#      LD                          : 3
# IO Buffers                       : 20
#      IBUF                        : 12
#      OBUF                        : 8

Device utilization summary:
---------------------------

Selected Device : 6slx16csg324-3 


Slice Logic Utilization: 
 Number of Slice LUTs:                   49  out of   9112     0%  
    Number used as Logic:                49  out of   9112     0%  

Slice Logic Distribution: 
 Number of LUT Flip Flop pairs used:     49
   Number with an unused Flip Flop:      49  out of     49   100%  
   Number with an unused LUT:             0  out of     49     0%  
   Number of fully used LUT-FF pairs:     0  out of     49     0%  
   Number of unique control sets:         1

IO Utilization: 
 Number of IOs:                          20
 Number of bonded IOBs:                  20  out of    232     8%  
    IOB Flip Flops/Latches:               3

Specific Feature Utilization:

---------------------------
Partition Resource Summary:
---------------------------

  No Partitions were found in this design.

---------------------------


=========================================================================
Timing Report

NOTE: THESE TIMING NUMBERS ARE ONLY A SYNTHESIS ESTIMATE.
      FOR ACCURATE TIMING INFORMATION PLEASE REFER TO THE TRACE REPORT
      GENERATED AFTER PLACE-and-ROUTE.

Clock Information:
------------------
-----------------------------------------------------------------+------------------------+-------+
Clock Signal                                                     | Clock buffer(FF name)  | Load  |
-----------------------------------------------------------------+------------------------+-------+
block3/GND_4_o_GND_4_o_OR_47_o(block3/GND_4_o_GND_4_o_OR_47_o3:O)| NONE(*)(block3/E_0)    | 3     |
-----------------------------------------------------------------+------------------------+-------+
(*) This 1 clock signal(s) are generated by combinatorial logic,
and XST is not able to identify which are the primary clock signals.
Please use the CLOCK_SIGNAL constraint to specify the clock signal(s) generated by combinatorial logic.
INFO:Xst:2169 - HDL ADVISOR - Some clock signals were not automatically buffered by XST with BUFG/BUFR resources. Please use the buffer_type constraint in order to insert these buffers to the clock signals to help prevent skew problems.

Asynchronous Control Signals Information:
----------------------------------------
No asynchronous control signals found in this design

Timing Summary:
---------------
Speed Grade: -3

   Minimum period: No path found
   Minimum input arrival time before clock: 8.894ns
   Maximum output required time after clock: 3.648ns
   Maximum combinational path delay: 12.007ns

Timing Details:
---------------
All values displayed in nanoseconds (ns)

=========================================================================
Timing constraint: Default OFFSET IN BEFORE for Clock 'block3/GND_4_o_GND_4_o_OR_47_o'
  Total number of paths / destination ports: 3732 / 3
-------------------------------------------------------------------------
Offset:              8.894ns (Levels of Logic = 8)
  Source:            D<11> (PAD)
  Destination:       block3/E_0 (LATCH)
  Destination Clock: block3/GND_4_o_GND_4_o_OR_47_o falling

  Data Path: D<11> to block3/E_0
                                Gate     Net
    Cell:in->out      fanout   Delay   Delay  Logical Name (Net Name)
    ----------------------------------------  ------------
     IBUF:I->O            14   1.222   1.062  D_11_IBUF (D_11_IBUF)
     LUT6:I4->O           12   0.203   1.156  block1/D[11]_PWR_2_o_equal_2_o1 (block1/D[11]_PWR_2_o_equal_2_o1)
     LUT5:I1->O            8   0.203   1.167  block1/Mmux_sigMag71 (sigMag<4>)
     LUT6:I0->O            1   0.203   0.808  block2/Mmux_E1_SW0 (N01)
     LUT6:I3->O            5   0.205   1.079  block2/Mmux_E1 (E_temp<0>)
     LUT6:I0->O            1   0.203   0.000  block3/Mmux_GND_4_o_GND_4_o_equal_4_o_6 (block3/Mmux_GND_4_o_GND_4_o_equal_4_o_6)
     MUXF7:I1->O           7   0.140   1.002  block3/Mmux_GND_4_o_GND_4_o_equal_4_o_5_f7 (block3/Mmux_GND_4_o_GND_4_o_equal_4_o_5_f7)
     LUT4:I1->O            1   0.205   0.000  block3/Mmux_E_temp[0]_E_temp[2]_MUX_46_o11 (block3/E_temp[0]_E_temp[2]_MUX_46_o)
     LD:D                      0.037          block3/E_0
    ----------------------------------------
    Total                      8.894ns (2.621ns logic, 6.273ns route)
                                       (29.5% logic, 70.5% route)

=========================================================================
Timing constraint: Default OFFSET OUT AFTER for Clock 'block3/GND_4_o_GND_4_o_OR_47_o'
  Total number of paths / destination ports: 3 / 3
-------------------------------------------------------------------------
Offset:              3.648ns (Levels of Logic = 1)
  Source:            block3/E_2 (LATCH)
  Destination:       E<2> (PAD)
  Source Clock:      block3/GND_4_o_GND_4_o_OR_47_o falling

  Data Path: block3/E_2 to E<2>
                                Gate     Net
    Cell:in->out      fanout   Delay   Delay  Logical Name (Net Name)
    ----------------------------------------  ------------
     LD:G->Q               1   0.498   0.579  block3/E_2 (block3/E_2)
     OBUF:I->O                 2.571          E_2_OBUF (E<2>)
    ----------------------------------------
    Total                      3.648ns (3.069ns logic, 0.579ns route)
                                       (84.1% logic, 15.9% route)

=========================================================================
Timing constraint: Default path analysis
  Total number of paths / destination ports: 5207 / 4
-------------------------------------------------------------------------
Delay:               12.007ns (Levels of Logic = 9)
  Source:            D<11> (PAD)
  Destination:       F<2> (PAD)

  Data Path: D<11> to F<2>
                                Gate     Net
    Cell:in->out      fanout   Delay   Delay  Logical Name (Net Name)
    ----------------------------------------  ------------
     IBUF:I->O            14   1.222   1.062  D_11_IBUF (D_11_IBUF)
     LUT6:I4->O           12   0.203   1.156  block1/D[11]_PWR_2_o_equal_2_o1 (block1/D[11]_PWR_2_o_equal_2_o1)
     LUT5:I1->O            8   0.203   1.167  block1/Mmux_sigMag71 (sigMag<4>)
     LUT6:I0->O            1   0.203   0.808  block2/Mmux_E1_SW0 (N01)
     LUT6:I3->O            5   0.205   1.079  block2/Mmux_E1 (E_temp<0>)
     LUT6:I0->O            1   0.203   0.000  block3/Mmux_GND_4_o_GND_4_o_equal_4_o_6 (block3/Mmux_GND_4_o_GND_4_o_equal_4_o_6)
     MUXF7:I1->O           7   0.140   1.002  block3/Mmux_GND_4_o_GND_4_o_equal_4_o_5_f7 (block3/Mmux_GND_4_o_GND_4_o_equal_4_o_5_f7)
     LUT6:I3->O            1   0.205   0.579  block3/Mmux_F31 (F_2_OBUF)
     OBUF:I->O                 2.571          F_2_OBUF (F<2>)
    ----------------------------------------
    Total                     12.007ns (5.155ns logic, 6.852ns route)
                                       (42.9% logic, 57.1% route)

=========================================================================

Cross Clock Domains Report:
--------------------------

=========================================================================


Total REAL time to Xst completion: 9.00 secs
Total CPU time to Xst completion: 9.20 secs
 
--> 

Total memory usage is 257048 kilobytes

Number of errors   :    0 (   0 filtered)
Number of warnings :    9 (   0 filtered)
Number of infos    :    1 (   0 filtered)

