--------------------------------------------------------------------------------
Release 14.6 Trace  (nt64)
Copyright (c) 1995-2013 Xilinx, Inc.  All rights reserved.

C:\Xilinx\14.6\ISE_DS\ISE\bin\nt64\unwrapped\trce.exe -intstyle ise -v 3 -s 3
-n 3 -fastpaths -xml FPCVT.twx FPCVT.ncd -o FPCVT.twr FPCVT.pcf

Design file:              FPCVT.ncd
Physical constraint file: FPCVT.pcf
Device,package,speed:     xc6slx16,csg324,C,-3 (PRODUCTION 1.23 2013-06-08)
Report level:             verbose report

Environment Variable      Effect 
--------------------      ------ 
NONE                      No environment variables were set
--------------------------------------------------------------------------------

INFO:Timing:2698 - No timing constraints found, doing default enumeration.
INFO:Timing:3412 - To improve timing, see the Timing Closure User Guide (UG612).
INFO:Timing:2752 - To get complete path coverage, use the unconstrained paths 
   option. All paths that are not constrained will be reported in the 
   unconstrained paths section(s) of the report.
INFO:Timing:3339 - The clock-to-out numbers in this timing report are based on 
   a 50 Ohm transmission line loading model.  For the details of this model, 
   and for more information on accounting for different loading conditions, 
   please see the device datasheet.



Data Sheet report:
-----------------
All values displayed in nanoseconds (ns)

Clock D<0> to Pad
------------+-----------------+------------+-----------------+------------+------------------------------+--------+
            |Max (slowest) clk|  Process   |Min (fastest) clk|  Process   |                              | Clock  |
Destination |  (edge) to PAD  |   Corner   |  (edge) to PAD  |   Corner   |Internal Clock(s)             | Phase  |
------------+-----------------+------------+-----------------+------------+------------------------------+--------+
E<0>        |        11.855(F)|      SLOW  |         4.901(F)|      FAST  |block3/GND_4_o_GND_4_o_OR_47_o|   0.000|
E<1>        |        12.151(F)|      SLOW  |         5.079(F)|      FAST  |block3/GND_4_o_GND_4_o_OR_47_o|   0.000|
E<2>        |        12.151(F)|      SLOW  |         5.079(F)|      FAST  |block3/GND_4_o_GND_4_o_OR_47_o|   0.000|
------------+-----------------+------------+-----------------+------------+------------------------------+--------+

Clock D<1> to Pad
------------+-----------------+------------+-----------------+------------+------------------------------+--------+
            |Max (slowest) clk|  Process   |Min (fastest) clk|  Process   |                              | Clock  |
Destination |  (edge) to PAD  |   Corner   |  (edge) to PAD  |   Corner   |Internal Clock(s)             | Phase  |
------------+-----------------+------------+-----------------+------------+------------------------------+--------+
E<0>        |        12.174(F)|      SLOW  |         4.872(F)|      FAST  |block3/GND_4_o_GND_4_o_OR_47_o|   0.000|
E<1>        |        12.470(F)|      SLOW  |         5.050(F)|      FAST  |block3/GND_4_o_GND_4_o_OR_47_o|   0.000|
E<2>        |        12.470(F)|      SLOW  |         5.050(F)|      FAST  |block3/GND_4_o_GND_4_o_OR_47_o|   0.000|
------------+-----------------+------------+-----------------+------------+------------------------------+--------+

Clock D<2> to Pad
------------+-----------------+------------+-----------------+------------+------------------------------+--------+
            |Max (slowest) clk|  Process   |Min (fastest) clk|  Process   |                              | Clock  |
Destination |  (edge) to PAD  |   Corner   |  (edge) to PAD  |   Corner   |Internal Clock(s)             | Phase  |
------------+-----------------+------------+-----------------+------------+------------------------------+--------+
E<0>        |        11.872(F)|      SLOW  |         4.746(F)|      FAST  |block3/GND_4_o_GND_4_o_OR_47_o|   0.000|
E<1>        |        12.168(F)|      SLOW  |         4.924(F)|      FAST  |block3/GND_4_o_GND_4_o_OR_47_o|   0.000|
E<2>        |        12.168(F)|      SLOW  |         4.924(F)|      FAST  |block3/GND_4_o_GND_4_o_OR_47_o|   0.000|
------------+-----------------+------------+-----------------+------------+------------------------------+--------+

Clock D<3> to Pad
------------+-----------------+------------+-----------------+------------+------------------------------+--------+
            |Max (slowest) clk|  Process   |Min (fastest) clk|  Process   |                              | Clock  |
Destination |  (edge) to PAD  |   Corner   |  (edge) to PAD  |   Corner   |Internal Clock(s)             | Phase  |
------------+-----------------+------------+-----------------+------------+------------------------------+--------+
E<0>        |        12.241(F)|      SLOW  |         4.616(F)|      FAST  |block3/GND_4_o_GND_4_o_OR_47_o|   0.000|
E<1>        |        12.537(F)|      SLOW  |         4.794(F)|      FAST  |block3/GND_4_o_GND_4_o_OR_47_o|   0.000|
E<2>        |        12.537(F)|      SLOW  |         4.794(F)|      FAST  |block3/GND_4_o_GND_4_o_OR_47_o|   0.000|
------------+-----------------+------------+-----------------+------------+------------------------------+--------+

Clock D<4> to Pad
------------+-----------------+------------+-----------------+------------+------------------------------+--------+
            |Max (slowest) clk|  Process   |Min (fastest) clk|  Process   |                              | Clock  |
Destination |  (edge) to PAD  |   Corner   |  (edge) to PAD  |   Corner   |Internal Clock(s)             | Phase  |
------------+-----------------+------------+-----------------+------------+------------------------------+--------+
E<0>        |        11.928(F)|      SLOW  |         4.719(F)|      FAST  |block3/GND_4_o_GND_4_o_OR_47_o|   0.000|
E<1>        |        12.224(F)|      SLOW  |         4.897(F)|      FAST  |block3/GND_4_o_GND_4_o_OR_47_o|   0.000|
E<2>        |        12.224(F)|      SLOW  |         4.897(F)|      FAST  |block3/GND_4_o_GND_4_o_OR_47_o|   0.000|
------------+-----------------+------------+-----------------+------------+------------------------------+--------+

Clock D<5> to Pad
------------+-----------------+------------+-----------------+------------+------------------------------+--------+
            |Max (slowest) clk|  Process   |Min (fastest) clk|  Process   |                              | Clock  |
Destination |  (edge) to PAD  |   Corner   |  (edge) to PAD  |   Corner   |Internal Clock(s)             | Phase  |
------------+-----------------+------------+-----------------+------------+------------------------------+--------+
E<0>        |        11.878(F)|      SLOW  |         4.826(F)|      FAST  |block3/GND_4_o_GND_4_o_OR_47_o|   0.000|
E<1>        |        12.174(F)|      SLOW  |         5.004(F)|      FAST  |block3/GND_4_o_GND_4_o_OR_47_o|   0.000|
E<2>        |        12.174(F)|      SLOW  |         5.004(F)|      FAST  |block3/GND_4_o_GND_4_o_OR_47_o|   0.000|
------------+-----------------+------------+-----------------+------------+------------------------------+--------+

Clock D<6> to Pad
------------+-----------------+------------+-----------------+------------+------------------------------+--------+
            |Max (slowest) clk|  Process   |Min (fastest) clk|  Process   |                              | Clock  |
Destination |  (edge) to PAD  |   Corner   |  (edge) to PAD  |   Corner   |Internal Clock(s)             | Phase  |
------------+-----------------+------------+-----------------+------------+------------------------------+--------+
E<0>        |        11.621(F)|      SLOW  |         4.583(F)|      FAST  |block3/GND_4_o_GND_4_o_OR_47_o|   0.000|
E<1>        |        11.917(F)|      SLOW  |         4.761(F)|      FAST  |block3/GND_4_o_GND_4_o_OR_47_o|   0.000|
E<2>        |        11.917(F)|      SLOW  |         4.761(F)|      FAST  |block3/GND_4_o_GND_4_o_OR_47_o|   0.000|
------------+-----------------+------------+-----------------+------------+------------------------------+--------+

Clock D<7> to Pad
------------+-----------------+------------+-----------------+------------+------------------------------+--------+
            |Max (slowest) clk|  Process   |Min (fastest) clk|  Process   |                              | Clock  |
Destination |  (edge) to PAD  |   Corner   |  (edge) to PAD  |   Corner   |Internal Clock(s)             | Phase  |
------------+-----------------+------------+-----------------+------------+------------------------------+--------+
E<0>        |        11.432(F)|      SLOW  |         4.887(F)|      FAST  |block3/GND_4_o_GND_4_o_OR_47_o|   0.000|
E<1>        |        11.728(F)|      SLOW  |         5.065(F)|      FAST  |block3/GND_4_o_GND_4_o_OR_47_o|   0.000|
E<2>        |        11.728(F)|      SLOW  |         5.065(F)|      FAST  |block3/GND_4_o_GND_4_o_OR_47_o|   0.000|
------------+-----------------+------------+-----------------+------------+------------------------------+--------+

Clock D<8> to Pad
------------+-----------------+------------+-----------------+------------+------------------------------+--------+
            |Max (slowest) clk|  Process   |Min (fastest) clk|  Process   |                              | Clock  |
Destination |  (edge) to PAD  |   Corner   |  (edge) to PAD  |   Corner   |Internal Clock(s)             | Phase  |
------------+-----------------+------------+-----------------+------------+------------------------------+--------+
E<0>        |        11.287(F)|      SLOW  |         4.645(F)|      FAST  |block3/GND_4_o_GND_4_o_OR_47_o|   0.000|
E<1>        |        11.583(F)|      SLOW  |         4.823(F)|      FAST  |block3/GND_4_o_GND_4_o_OR_47_o|   0.000|
E<2>        |        11.583(F)|      SLOW  |         4.823(F)|      FAST  |block3/GND_4_o_GND_4_o_OR_47_o|   0.000|
------------+-----------------+------------+-----------------+------------+------------------------------+--------+

Clock D<9> to Pad
------------+-----------------+------------+-----------------+------------+------------------------------+--------+
            |Max (slowest) clk|  Process   |Min (fastest) clk|  Process   |                              | Clock  |
Destination |  (edge) to PAD  |   Corner   |  (edge) to PAD  |   Corner   |Internal Clock(s)             | Phase  |
------------+-----------------+------------+-----------------+------------+------------------------------+--------+
E<0>        |        11.394(F)|      SLOW  |         4.796(F)|      FAST  |block3/GND_4_o_GND_4_o_OR_47_o|   0.000|
E<1>        |        11.690(F)|      SLOW  |         4.974(F)|      FAST  |block3/GND_4_o_GND_4_o_OR_47_o|   0.000|
E<2>        |        11.690(F)|      SLOW  |         4.974(F)|      FAST  |block3/GND_4_o_GND_4_o_OR_47_o|   0.000|
------------+-----------------+------------+-----------------+------------+------------------------------+--------+

Clock D<10> to Pad
------------+-----------------+------------+-----------------+------------+------------------------------+--------+
            |Max (slowest) clk|  Process   |Min (fastest) clk|  Process   |                              | Clock  |
Destination |  (edge) to PAD  |   Corner   |  (edge) to PAD  |   Corner   |Internal Clock(s)             | Phase  |
------------+-----------------+------------+-----------------+------------+------------------------------+--------+
E<0>        |        11.640(F)|      SLOW  |         4.762(F)|      FAST  |block3/GND_4_o_GND_4_o_OR_47_o|   0.000|
E<1>        |        11.936(F)|      SLOW  |         4.940(F)|      FAST  |block3/GND_4_o_GND_4_o_OR_47_o|   0.000|
E<2>        |        11.936(F)|      SLOW  |         4.940(F)|      FAST  |block3/GND_4_o_GND_4_o_OR_47_o|   0.000|
------------+-----------------+------------+-----------------+------------+------------------------------+--------+

Clock D<11> to Pad
------------+-----------------+------------+-----------------+------------+------------------------------+--------+
            |Max (slowest) clk|  Process   |Min (fastest) clk|  Process   |                              | Clock  |
Destination |  (edge) to PAD  |   Corner   |  (edge) to PAD  |   Corner   |Internal Clock(s)             | Phase  |
------------+-----------------+------------+-----------------+------------+------------------------------+--------+
E<0>        |        11.857(F)|      SLOW  |         4.559(F)|      FAST  |block3/GND_4_o_GND_4_o_OR_47_o|   0.000|
E<1>        |        12.153(F)|      SLOW  |         4.737(F)|      FAST  |block3/GND_4_o_GND_4_o_OR_47_o|   0.000|
E<2>        |        12.153(F)|      SLOW  |         4.737(F)|      FAST  |block3/GND_4_o_GND_4_o_OR_47_o|   0.000|
------------+-----------------+------------+-----------------+------------+------------------------------+--------+

Clock to Setup on destination clock D<0>
---------------+---------+---------+---------+---------+
               | Src:Rise| Src:Fall| Src:Rise| Src:Fall|
Source Clock   |Dest:Rise|Dest:Rise|Dest:Fall|Dest:Fall|
---------------+---------+---------+---------+---------+
D<0>           |         |         |    3.008|    3.008|
D<1>           |         |         |    3.327|    3.327|
D<2>           |         |         |    3.025|    3.025|
D<3>           |         |         |    3.394|    3.394|
D<4>           |         |         |    3.081|    3.081|
D<5>           |         |         |    3.091|    3.091|
D<6>           |         |         |    2.850|    2.850|
D<7>           |         |         |    2.673|    2.673|
D<8>           |         |         |    2.961|    2.961|
D<9>           |         |         |    2.965|    2.965|
D<10>          |         |         |    2.869|    2.869|
D<11>          |         |         |    3.010|    3.010|
---------------+---------+---------+---------+---------+

Clock to Setup on destination clock D<1>
---------------+---------+---------+---------+---------+
               | Src:Rise| Src:Fall| Src:Rise| Src:Fall|
Source Clock   |Dest:Rise|Dest:Rise|Dest:Fall|Dest:Fall|
---------------+---------+---------+---------+---------+
D<0>           |         |         |    3.102|    3.102|
D<1>           |         |         |    3.421|    3.421|
D<2>           |         |         |    3.119|    3.119|
D<3>           |         |         |    3.488|    3.488|
D<4>           |         |         |    3.175|    3.175|
D<5>           |         |         |    3.185|    3.185|
D<6>           |         |         |    2.944|    2.944|
D<7>           |         |         |    2.767|    2.767|
D<8>           |         |         |    3.055|    3.055|
D<9>           |         |         |    3.059|    3.059|
D<10>          |         |         |    2.963|    2.963|
D<11>          |         |         |    3.104|    3.104|
---------------+---------+---------+---------+---------+

Clock to Setup on destination clock D<2>
---------------+---------+---------+---------+---------+
               | Src:Rise| Src:Fall| Src:Rise| Src:Fall|
Source Clock   |Dest:Rise|Dest:Rise|Dest:Fall|Dest:Fall|
---------------+---------+---------+---------+---------+
D<0>           |         |         |    3.220|    3.220|
D<1>           |         |         |    3.539|    3.539|
D<2>           |         |         |    3.237|    3.237|
D<3>           |         |         |    3.606|    3.606|
D<4>           |         |         |    3.293|    3.293|
D<5>           |         |         |    3.303|    3.303|
D<6>           |         |         |    3.062|    3.062|
D<7>           |         |         |    2.885|    2.885|
D<8>           |         |         |    3.173|    3.173|
D<9>           |         |         |    3.177|    3.177|
D<10>          |         |         |    3.081|    3.081|
D<11>          |         |         |    3.222|    3.222|
---------------+---------+---------+---------+---------+

Clock to Setup on destination clock D<3>
---------------+---------+---------+---------+---------+
               | Src:Rise| Src:Fall| Src:Rise| Src:Fall|
Source Clock   |Dest:Rise|Dest:Rise|Dest:Fall|Dest:Fall|
---------------+---------+---------+---------+---------+
D<0>           |         |         |    3.413|    3.413|
D<1>           |         |         |    3.732|    3.732|
D<2>           |         |         |    3.430|    3.430|
D<3>           |         |         |    3.799|    3.799|
D<4>           |         |         |    3.486|    3.486|
D<5>           |         |         |    3.496|    3.496|
D<6>           |         |         |    3.255|    3.255|
D<7>           |         |         |    3.078|    3.078|
D<8>           |         |         |    3.366|    3.366|
D<9>           |         |         |    3.370|    3.370|
D<10>          |         |         |    3.274|    3.274|
D<11>          |         |         |    3.415|    3.415|
---------------+---------+---------+---------+---------+

Clock to Setup on destination clock D<4>
---------------+---------+---------+---------+---------+
               | Src:Rise| Src:Fall| Src:Rise| Src:Fall|
Source Clock   |Dest:Rise|Dest:Rise|Dest:Fall|Dest:Fall|
---------------+---------+---------+---------+---------+
D<0>           |         |         |    3.315|    3.315|
D<1>           |         |         |    3.634|    3.634|
D<2>           |         |         |    3.332|    3.332|
D<3>           |         |         |    3.701|    3.701|
D<4>           |         |         |    3.388|    3.388|
D<5>           |         |         |    3.398|    3.398|
D<6>           |         |         |    3.157|    3.157|
D<7>           |         |         |    2.980|    2.980|
D<8>           |         |         |    3.268|    3.268|
D<9>           |         |         |    3.272|    3.272|
D<10>          |         |         |    3.176|    3.176|
D<11>          |         |         |    3.317|    3.317|
---------------+---------+---------+---------+---------+

Clock to Setup on destination clock D<5>
---------------+---------+---------+---------+---------+
               | Src:Rise| Src:Fall| Src:Rise| Src:Fall|
Source Clock   |Dest:Rise|Dest:Rise|Dest:Fall|Dest:Fall|
---------------+---------+---------+---------+---------+
D<0>           |         |         |    3.118|    3.118|
D<1>           |         |         |    3.437|    3.437|
D<2>           |         |         |    3.135|    3.135|
D<3>           |         |         |    3.504|    3.504|
D<4>           |         |         |    3.191|    3.191|
D<5>           |         |         |    3.201|    3.201|
D<6>           |         |         |    2.960|    2.960|
D<7>           |         |         |    2.783|    2.783|
D<8>           |         |         |    3.071|    3.071|
D<9>           |         |         |    3.075|    3.075|
D<10>          |         |         |    2.979|    2.979|
D<11>          |         |         |    3.120|    3.120|
---------------+---------+---------+---------+---------+

Clock to Setup on destination clock D<6>
---------------+---------+---------+---------+---------+
               | Src:Rise| Src:Fall| Src:Rise| Src:Fall|
Source Clock   |Dest:Rise|Dest:Rise|Dest:Fall|Dest:Fall|
---------------+---------+---------+---------+---------+
D<0>           |         |         |    3.492|    3.492|
D<1>           |         |         |    3.811|    3.811|
D<2>           |         |         |    3.509|    3.509|
D<3>           |         |         |    3.878|    3.878|
D<4>           |         |         |    3.565|    3.565|
D<5>           |         |         |    3.575|    3.575|
D<6>           |         |         |    3.334|    3.334|
D<7>           |         |         |    3.157|    3.157|
D<8>           |         |         |    3.445|    3.445|
D<9>           |         |         |    3.449|    3.449|
D<10>          |         |         |    3.353|    3.353|
D<11>          |         |         |    3.494|    3.494|
---------------+---------+---------+---------+---------+

Clock to Setup on destination clock D<7>
---------------+---------+---------+---------+---------+
               | Src:Rise| Src:Fall| Src:Rise| Src:Fall|
Source Clock   |Dest:Rise|Dest:Rise|Dest:Fall|Dest:Fall|
---------------+---------+---------+---------+---------+
D<0>           |         |         |    3.103|    3.103|
D<1>           |         |         |    3.422|    3.422|
D<2>           |         |         |    3.120|    3.120|
D<3>           |         |         |    3.489|    3.489|
D<4>           |         |         |    3.176|    3.176|
D<5>           |         |         |    3.186|    3.186|
D<6>           |         |         |    2.945|    2.945|
D<7>           |         |         |    2.768|    2.768|
D<8>           |         |         |    3.056|    3.056|
D<9>           |         |         |    3.060|    3.060|
D<10>          |         |         |    2.964|    2.964|
D<11>          |         |         |    3.105|    3.105|
---------------+---------+---------+---------+---------+

Clock to Setup on destination clock D<8>
---------------+---------+---------+---------+---------+
               | Src:Rise| Src:Fall| Src:Rise| Src:Fall|
Source Clock   |Dest:Rise|Dest:Rise|Dest:Fall|Dest:Fall|
---------------+---------+---------+---------+---------+
D<0>           |         |         |    3.412|    3.412|
D<1>           |         |         |    3.731|    3.731|
D<2>           |         |         |    3.429|    3.429|
D<3>           |         |         |    3.798|    3.798|
D<4>           |         |         |    3.485|    3.485|
D<5>           |         |         |    3.495|    3.495|
D<6>           |         |         |    3.254|    3.254|
D<7>           |         |         |    3.077|    3.077|
D<8>           |         |         |    3.365|    3.365|
D<9>           |         |         |    3.369|    3.369|
D<10>          |         |         |    3.273|    3.273|
D<11>          |         |         |    3.414|    3.414|
---------------+---------+---------+---------+---------+

Clock to Setup on destination clock D<9>
---------------+---------+---------+---------+---------+
               | Src:Rise| Src:Fall| Src:Rise| Src:Fall|
Source Clock   |Dest:Rise|Dest:Rise|Dest:Fall|Dest:Fall|
---------------+---------+---------+---------+---------+
D<0>           |         |         |    3.164|    3.164|
D<1>           |         |         |    3.483|    3.483|
D<2>           |         |         |    3.181|    3.181|
D<3>           |         |         |    3.550|    3.550|
D<4>           |         |         |    3.237|    3.237|
D<5>           |         |         |    3.247|    3.247|
D<6>           |         |         |    3.006|    3.006|
D<7>           |         |         |    2.829|    2.829|
D<8>           |         |         |    3.117|    3.117|
D<9>           |         |         |    3.121|    3.121|
D<10>          |         |         |    3.025|    3.025|
D<11>          |         |         |    3.166|    3.166|
---------------+---------+---------+---------+---------+

Clock to Setup on destination clock D<10>
---------------+---------+---------+---------+---------+
               | Src:Rise| Src:Fall| Src:Rise| Src:Fall|
Source Clock   |Dest:Rise|Dest:Rise|Dest:Fall|Dest:Fall|
---------------+---------+---------+---------+---------+
D<0>           |         |         |    3.247|    3.247|
D<1>           |         |         |    3.566|    3.566|
D<2>           |         |         |    3.264|    3.264|
D<3>           |         |         |    3.633|    3.633|
D<4>           |         |         |    3.320|    3.320|
D<5>           |         |         |    3.330|    3.330|
D<6>           |         |         |    3.089|    3.089|
D<7>           |         |         |    2.912|    2.912|
D<8>           |         |         |    3.200|    3.200|
D<9>           |         |         |    3.204|    3.204|
D<10>          |         |         |    3.108|    3.108|
D<11>          |         |         |    3.249|    3.249|
---------------+---------+---------+---------+---------+

Clock to Setup on destination clock D<11>
---------------+---------+---------+---------+---------+
               | Src:Rise| Src:Fall| Src:Rise| Src:Fall|
Source Clock   |Dest:Rise|Dest:Rise|Dest:Fall|Dest:Fall|
---------------+---------+---------+---------+---------+
D<0>           |         |         |    3.555|    3.555|
D<1>           |         |         |    3.874|    3.874|
D<2>           |         |         |    3.572|    3.572|
D<3>           |         |         |    3.941|    3.941|
D<4>           |         |         |    3.628|    3.628|
D<5>           |         |         |    3.638|    3.638|
D<6>           |         |         |    3.397|    3.397|
D<7>           |         |         |    3.220|    3.220|
D<8>           |         |         |    3.508|    3.508|
D<9>           |         |         |    3.512|    3.512|
D<10>          |         |         |    3.416|    3.416|
D<11>          |         |         |    3.557|    3.557|
---------------+---------+---------+---------+---------+

Pad to Pad
---------------+---------------+---------+
Source Pad     |Destination Pad|  Delay  |
---------------+---------------+---------+
D<0>           |F<0>           |   11.452|
D<0>           |F<1>           |   11.600|
D<0>           |F<2>           |   11.788|
D<1>           |F<0>           |   11.771|
D<1>           |F<1>           |   11.919|
D<1>           |F<2>           |   12.107|
D<2>           |F<0>           |   11.469|
D<2>           |F<1>           |   11.617|
D<2>           |F<2>           |   11.805|
D<3>           |F<0>           |   11.838|
D<3>           |F<1>           |   11.986|
D<3>           |F<2>           |   12.174|
D<4>           |F<0>           |   11.525|
D<4>           |F<1>           |   11.673|
D<4>           |F<2>           |   11.861|
D<5>           |F<0>           |   11.535|
D<5>           |F<1>           |   11.623|
D<5>           |F<2>           |   11.811|
D<6>           |F<0>           |   11.407|
D<6>           |F<1>           |   11.328|
D<6>           |F<2>           |   11.555|
D<7>           |F<0>           |   11.218|
D<7>           |F<1>           |   11.139|
D<7>           |F<2>           |   11.366|
D<8>           |F<0>           |   11.405|
D<8>           |F<1>           |   11.171|
D<8>           |F<2>           |   11.452|
D<9>           |F<0>           |   11.409|
D<9>           |F<1>           |   11.175|
D<9>           |F<2>           |   11.456|
D<10>          |F<0>           |   11.426|
D<10>          |F<1>           |   11.347|
D<10>          |F<2>           |   11.574|
D<11>          |F<0>           |   11.454|
D<11>          |F<1>           |   11.602|
D<11>          |F<2>           |   11.790|
D<11>          |S              |    6.045|
---------------+---------------+---------+


Analysis completed Mon Jan 28 10:20:00 2019 
--------------------------------------------------------------------------------

Trace Settings:
-------------------------
Trace Settings 

Peak Memory Usage: 219 MB



