Release 14.7 - xst P.20160913 (lin64)
Copyright (c) 1995-2013 Xilinx, Inc.  All rights reserved.
--> 
Parameter TMPDIR set to xst/projnav.tmp


Total REAL time to Xst completion: 1.00 secs
Total CPU time to Xst completion: 0.06 secs
 
--> 
Parameter xsthdpdir set to xst


Total REAL time to Xst completion: 1.00 secs
Total CPU time to Xst completion: 0.06 secs
 
--> 
Reading design: clk_div.prj

TABLE OF CONTENTS
  1) Synthesis Options Summary
  2) HDL Parsing
  3) HDL Elaboration
  4) HDL Synthesis
       4.1) HDL Synthesis Report
  5) Advanced HDL Synthesis
       5.1) Advanced HDL Synthesis Report
  6) Low Level Synthesis
  7) Partition Report
  8) Design Summary
       8.1) Primitive and Black Box Usage
       8.2) Device utilization summary
       8.3) Partition Resource Summary
       8.4) Timing Report
            8.4.1) Clock Information
            8.4.2) Asynchronous Control Signals Information
            8.4.3) Timing Summary
            8.4.4) Timing Details
            8.4.5) Cross Clock Domains Report


=========================================================================
*                      Synthesis Options Summary                        *
=========================================================================
---- Source Parameters
Input File Name                    : "clk_div.prj"
Ignore Synthesis Constraint File   : NO

---- Target Parameters
Output File Name                   : "clk_div"
Output Format                      : NGC
Target Device                      : xc6slx16-3-csg324

---- Source Options
Top Module Name                    : clk_div
Automatic FSM Extraction           : YES
FSM Encoding Algorithm             : Auto
Safe Implementation                : No
FSM Style                          : LUT
RAM Extraction                     : Yes
RAM Style                          : Auto
ROM Extraction                     : Yes
Shift Register Extraction          : YES
ROM Style                          : Auto
Resource Sharing                   : YES
Asynchronous To Synchronous        : NO
Shift Register Minimum Size        : 2
Use DSP Block                      : Auto
Automatic Register Balancing       : No

---- Target Options
LUT Combining                      : Auto
Reduce Control Sets                : Auto
Add IO Buffers                     : YES
Global Maximum Fanout              : 100000
Add Generic Clock Buffer(BUFG)     : 16
Register Duplication               : YES
Optimize Instantiated Primitives   : NO
Use Clock Enable                   : Auto
Use Synchronous Set                : Auto
Use Synchronous Reset              : Auto
Pack IO Registers into IOBs        : Auto
Equivalent register Removal        : YES

---- General Options
Optimization Goal                  : Speed
Optimization Effort                : 1
Power Reduction                    : NO
Keep Hierarchy                     : No
Netlist Hierarchy                  : As_Optimized
RTL Output                         : Yes
Global Optimization                : AllClockNets
Read Cores                         : YES
Write Timing Constraints           : NO
Cross Clock Analysis               : NO
Hierarchy Separator                : /
Bus Delimiter                      : <>
Case Specifier                     : Maintain
Slice Utilization Ratio            : 100
BRAM Utilization Ratio             : 100
DSP48 Utilization Ratio            : 100
Auto BRAM Packing                  : NO
Slice Utilization Ratio Delta      : 5

=========================================================================


=========================================================================
*                          HDL Parsing                                  *
=========================================================================
Analyzing Verilog file "/home/ise/Desktop/CS-M152-A/lab3/stopwatch.v" into library work
Parsing module <stopwatch>.
Parsing module <clock_selector>.
Parsing module <debouncer>.
Parsing module <clk_div>.
Parsing module <seven_seg_display>.

=========================================================================
*                            HDL Elaboration                            *
=========================================================================

Elaborating module <clk_div>.

=========================================================================
*                           HDL Synthesis                               *
=========================================================================

Synthesizing Unit <clk_div>.
    Related source file is "/home/ise/Desktop/CS-M152-A/lab3/stopwatch.v".
    Found 32-bit register for signal <oneHzCount>.
    Found 32-bit register for signal <twoHzCount>.
    Found 32-bit register for signal <twoHundredHzCount>.
    Found 32-bit register for signal <blinkHzCount>.
    Found 1-bit register for signal <twoHz>.
    Found 1-bit register for signal <twoHundredHz>.
    Found 1-bit register for signal <blinkHz>.
    Found 1-bit register for signal <oneHz>.
    Found 32-bit adder for signal <oneHzCount[31]_GND_1_o_add_2_OUT> created at line 237.
    Found 32-bit adder for signal <twoHzCount[31]_GND_1_o_add_7_OUT> created at line 267.
    Found 32-bit adder for signal <twoHundredHzCount[31]_GND_1_o_add_12_OUT> created at line 297.
    Found 32-bit adder for signal <blinkHzCount[31]_GND_1_o_add_17_OUT> created at line 327.
    Summary:
	inferred   4 Adder/Subtractor(s).
	inferred 132 D-type flip-flop(s).
	inferred   4 Multiplexer(s).
Unit <clk_div> synthesized.

=========================================================================
HDL Synthesis Report

Macro Statistics
# Adders/Subtractors                                   : 4
 32-bit adder                                          : 4
# Registers                                            : 8
 1-bit register                                        : 4
 32-bit register                                       : 4
# Multiplexers                                         : 4
 32-bit 2-to-1 multiplexer                             : 4

=========================================================================

=========================================================================
*                       Advanced HDL Synthesis                          *
=========================================================================


Synthesizing (advanced) Unit <clk_div>.
The following registers are absorbed into counter <oneHzCount>: 1 register on signal <oneHzCount>.
The following registers are absorbed into counter <twoHzCount>: 1 register on signal <twoHzCount>.
The following registers are absorbed into counter <twoHundredHzCount>: 1 register on signal <twoHundredHzCount>.
The following registers are absorbed into counter <blinkHzCount>: 1 register on signal <blinkHzCount>.
Unit <clk_div> synthesized (advanced).

=========================================================================
Advanced HDL Synthesis Report

Macro Statistics
# Counters                                             : 4
 32-bit up counter                                     : 4
# Registers                                            : 4
 Flip-Flops                                            : 4

=========================================================================

=========================================================================
*                         Low Level Synthesis                           *
=========================================================================

Optimizing unit <clk_div> ...
WARNING:Xst:1710 - FF/Latch <twoHundredHzCount_23> (without init value) has a constant value of 0 in block <clk_div>. This FF/Latch will be trimmed during the optimization process.
WARNING:Xst:1895 - Due to other FF/Latch trimming, FF/Latch <twoHundredHzCount_24> (without init value) has a constant value of 0 in block <clk_div>. This FF/Latch will be trimmed during the optimization process.
WARNING:Xst:1895 - Due to other FF/Latch trimming, FF/Latch <twoHundredHzCount_25> (without init value) has a constant value of 0 in block <clk_div>. This FF/Latch will be trimmed during the optimization process.
WARNING:Xst:1895 - Due to other FF/Latch trimming, FF/Latch <twoHundredHzCount_26> (without init value) has a constant value of 0 in block <clk_div>. This FF/Latch will be trimmed during the optimization process.
WARNING:Xst:1895 - Due to other FF/Latch trimming, FF/Latch <twoHundredHzCount_27> (without init value) has a constant value of 0 in block <clk_div>. This FF/Latch will be trimmed during the optimization process.
WARNING:Xst:1895 - Due to other FF/Latch trimming, FF/Latch <twoHundredHzCount_28> (without init value) has a constant value of 0 in block <clk_div>. This FF/Latch will be trimmed during the optimization process.
WARNING:Xst:1895 - Due to other FF/Latch trimming, FF/Latch <twoHundredHzCount_29> (without init value) has a constant value of 0 in block <clk_div>. This FF/Latch will be trimmed during the optimization process.
WARNING:Xst:1895 - Due to other FF/Latch trimming, FF/Latch <twoHundredHzCount_30> (without init value) has a constant value of 0 in block <clk_div>. This FF/Latch will be trimmed during the optimization process.
WARNING:Xst:1895 - Due to other FF/Latch trimming, FF/Latch <twoHundredHzCount_31> (without init value) has a constant value of 0 in block <clk_div>. This FF/Latch will be trimmed during the optimization process.
WARNING:Xst:1895 - Due to other FF/Latch trimming, FF/Latch <blinkHzCount_24> (without init value) has a constant value of 0 in block <clk_div>. This FF/Latch will be trimmed during the optimization process.
WARNING:Xst:1895 - Due to other FF/Latch trimming, FF/Latch <blinkHzCount_25> (without init value) has a constant value of 0 in block <clk_div>. This FF/Latch will be trimmed during the optimization process.
WARNING:Xst:1895 - Due to other FF/Latch trimming, FF/Latch <blinkHzCount_26> (without init value) has a constant value of 0 in block <clk_div>. This FF/Latch will be trimmed during the optimization process.
WARNING:Xst:1895 - Due to other FF/Latch trimming, FF/Latch <blinkHzCount_27> (without init value) has a constant value of 0 in block <clk_div>. This FF/Latch will be trimmed during the optimization process.
WARNING:Xst:1895 - Due to other FF/Latch trimming, FF/Latch <blinkHzCount_28> (without init value) has a constant value of 0 in block <clk_div>. This FF/Latch will be trimmed during the optimization process.
WARNING:Xst:1895 - Due to other FF/Latch trimming, FF/Latch <blinkHzCount_29> (without init value) has a constant value of 0 in block <clk_div>. This FF/Latch will be trimmed during the optimization process.
WARNING:Xst:1895 - Due to other FF/Latch trimming, FF/Latch <blinkHzCount_30> (without init value) has a constant value of 0 in block <clk_div>. This FF/Latch will be trimmed during the optimization process.
WARNING:Xst:1895 - Due to other FF/Latch trimming, FF/Latch <blinkHzCount_31> (without init value) has a constant value of 0 in block <clk_div>. This FF/Latch will be trimmed during the optimization process.
WARNING:Xst:1895 - Due to other FF/Latch trimming, FF/Latch <oneHzCount_26> (without init value) has a constant value of 0 in block <clk_div>. This FF/Latch will be trimmed during the optimization process.
WARNING:Xst:1895 - Due to other FF/Latch trimming, FF/Latch <oneHzCount_27> (without init value) has a constant value of 0 in block <clk_div>. This FF/Latch will be trimmed during the optimization process.
WARNING:Xst:1895 - Due to other FF/Latch trimming, FF/Latch <oneHzCount_28> (without init value) has a constant value of 0 in block <clk_div>. This FF/Latch will be trimmed during the optimization process.
WARNING:Xst:1895 - Due to other FF/Latch trimming, FF/Latch <oneHzCount_29> (without init value) has a constant value of 0 in block <clk_div>. This FF/Latch will be trimmed during the optimization process.
WARNING:Xst:1895 - Due to other FF/Latch trimming, FF/Latch <oneHzCount_30> (without init value) has a constant value of 0 in block <clk_div>. This FF/Latch will be trimmed during the optimization process.
WARNING:Xst:1895 - Due to other FF/Latch trimming, FF/Latch <oneHzCount_31> (without init value) has a constant value of 0 in block <clk_div>. This FF/Latch will be trimmed during the optimization process.
WARNING:Xst:1895 - Due to other FF/Latch trimming, FF/Latch <twoHzCount_25> (without init value) has a constant value of 0 in block <clk_div>. This FF/Latch will be trimmed during the optimization process.
WARNING:Xst:1895 - Due to other FF/Latch trimming, FF/Latch <twoHzCount_26> (without init value) has a constant value of 0 in block <clk_div>. This FF/Latch will be trimmed during the optimization process.
WARNING:Xst:1895 - Due to other FF/Latch trimming, FF/Latch <twoHzCount_27> (without init value) has a constant value of 0 in block <clk_div>. This FF/Latch will be trimmed during the optimization process.
WARNING:Xst:1895 - Due to other FF/Latch trimming, FF/Latch <twoHzCount_28> (without init value) has a constant value of 0 in block <clk_div>. This FF/Latch will be trimmed during the optimization process.
WARNING:Xst:1895 - Due to other FF/Latch trimming, FF/Latch <twoHzCount_29> (without init value) has a constant value of 0 in block <clk_div>. This FF/Latch will be trimmed during the optimization process.
WARNING:Xst:1895 - Due to other FF/Latch trimming, FF/Latch <twoHzCount_30> (without init value) has a constant value of 0 in block <clk_div>. This FF/Latch will be trimmed during the optimization process.
WARNING:Xst:1895 - Due to other FF/Latch trimming, FF/Latch <twoHzCount_31> (without init value) has a constant value of 0 in block <clk_div>. This FF/Latch will be trimmed during the optimization process.
WARNING:Xst:1895 - Due to other FF/Latch trimming, FF/Latch <twoHundredHzCount_18> (without init value) has a constant value of 0 in block <clk_div>. This FF/Latch will be trimmed during the optimization process.
WARNING:Xst:1895 - Due to other FF/Latch trimming, FF/Latch <twoHundredHzCount_19> (without init value) has a constant value of 0 in block <clk_div>. This FF/Latch will be trimmed during the optimization process.
WARNING:Xst:1895 - Due to other FF/Latch trimming, FF/Latch <twoHundredHzCount_20> (without init value) has a constant value of 0 in block <clk_div>. This FF/Latch will be trimmed during the optimization process.
WARNING:Xst:1895 - Due to other FF/Latch trimming, FF/Latch <twoHundredHzCount_21> (without init value) has a constant value of 0 in block <clk_div>. This FF/Latch will be trimmed during the optimization process.
WARNING:Xst:1895 - Due to other FF/Latch trimming, FF/Latch <twoHundredHzCount_22> (without init value) has a constant value of 0 in block <clk_div>. This FF/Latch will be trimmed during the optimization process.
INFO:Xst:2261 - The FF/Latch <blinkHzCount_6> in Unit <clk_div> is equivalent to the following FF/Latch, which will be removed : <oneHzCount_6> 
INFO:Xst:2261 - The FF/Latch <twoHzCount_0> in Unit <clk_div> is equivalent to the following 3 FFs/Latches, which will be removed : <oneHzCount_0> <twoHundredHzCount_0> <blinkHzCount_0> 
INFO:Xst:2261 - The FF/Latch <twoHzCount_1> in Unit <clk_div> is equivalent to the following 3 FFs/Latches, which will be removed : <oneHzCount_1> <twoHundredHzCount_1> <blinkHzCount_1> 
INFO:Xst:2261 - The FF/Latch <twoHzCount_2> in Unit <clk_div> is equivalent to the following 3 FFs/Latches, which will be removed : <oneHzCount_2> <twoHundredHzCount_2> <blinkHzCount_2> 
INFO:Xst:2261 - The FF/Latch <twoHzCount_3> in Unit <clk_div> is equivalent to the following 3 FFs/Latches, which will be removed : <oneHzCount_3> <twoHundredHzCount_3> <blinkHzCount_3> 
INFO:Xst:2261 - The FF/Latch <twoHzCount_4> in Unit <clk_div> is equivalent to the following 2 FFs/Latches, which will be removed : <oneHzCount_4> <blinkHzCount_4> 
INFO:Xst:2261 - The FF/Latch <twoHzCount_5> in Unit <clk_div> is equivalent to the following 2 FFs/Latches, which will be removed : <oneHzCount_5> <blinkHzCount_5> 

Mapping all equations...
Building and optimizing final netlist ...
Found area constraint ratio of 100 (+ 5) on block clk_div, actual ratio is 2.

Final Macro Processing ...

=========================================================================
Final Register Report

Macro Statistics
# Registers                                            : 80
 Flip-Flops                                            : 80

=========================================================================

=========================================================================
*                           Partition Report                            *
=========================================================================

Partition Implementation Status
-------------------------------

  No Partitions were found in this design.

-------------------------------

=========================================================================
*                            Design Summary                             *
=========================================================================

Top Level Output File Name         : clk_div.ngc

Primitive and Black Box Usage:
------------------------------
# BELS                             : 361
#      GND                         : 1
#      INV                         : 7
#      LUT1                        : 89
#      LUT2                        : 44
#      LUT4                        : 16
#      LUT5                        : 19
#      LUT6                        : 19
#      MUXCY                       : 89
#      VCC                         : 1
#      XORCY                       : 76
# FlipFlops/Latches                : 80
#      FDC                         : 76
#      FDCE                        : 4
# Clock Buffers                    : 1
#      BUFGP                       : 1
# IO Buffers                       : 5
#      IBUF                        : 1
#      OBUF                        : 4

Device utilization summary:
---------------------------

Selected Device : 6slx16csg324-3 


Slice Logic Utilization: 
 Number of Slice Registers:              80  out of  18224     0%  
 Number of Slice LUTs:                  194  out of   9112     2%  
    Number used as Logic:               194  out of   9112     2%  

Slice Logic Distribution: 
 Number of LUT Flip Flop pairs used:    194
   Number with an unused Flip Flop:     114  out of    194    58%  
   Number with an unused LUT:             0  out of    194     0%  
   Number of fully used LUT-FF pairs:    80  out of    194    41%  
   Number of unique control sets:         5

IO Utilization: 
 Number of IOs:                           6
 Number of bonded IOBs:                   6  out of    232     2%  

Specific Feature Utilization:
 Number of BUFG/BUFGCTRLs:                1  out of     16     6%  

---------------------------
Partition Resource Summary:
---------------------------

  No Partitions were found in this design.

---------------------------


=========================================================================
Timing Report

NOTE: THESE TIMING NUMBERS ARE ONLY A SYNTHESIS ESTIMATE.
      FOR ACCURATE TIMING INFORMATION PLEASE REFER TO THE TRACE REPORT
      GENERATED AFTER PLACE-and-ROUTE.

Clock Information:
------------------
-----------------------------------+------------------------+-------+
Clock Signal                       | Clock buffer(FF name)  | Load  |
-----------------------------------+------------------------+-------+
clk                                | BUFGP                  | 80    |
-----------------------------------+------------------------+-------+

Asynchronous Control Signals Information:
----------------------------------------
No asynchronous control signals found in this design

Timing Summary:
---------------
Speed Grade: -3

   Minimum period: 4.054ns (Maximum Frequency: 246.664MHz)
   Minimum input arrival time before clock: 3.397ns
   Maximum output required time after clock: 3.668ns
   Maximum combinational path delay: No path found

Timing Details:
---------------
All values displayed in nanoseconds (ns)

=========================================================================
Timing constraint: Default period analysis for Clock 'clk'
  Clock period: 4.054ns (frequency: 246.664MHz)
  Total number of paths / destination ports: 2989 / 84
-------------------------------------------------------------------------
Delay:               4.054ns (Levels of Logic = 2)
  Source:            blinkHzCount_16 (FF)
  Destination:       blinkHzDiv (FF)
  Source Clock:      clk rising
  Destination Clock: clk rising

  Data Path: blinkHzCount_16 to blinkHzDiv
                                Gate     Net
    Cell:in->out      fanout   Delay   Delay  Logical Name (Net Name)
    ----------------------------------------  ------------
     FDC:C->Q              2   0.447   0.981  blinkHzCount_16 (blinkHzCount_16)
     LUT6:I0->O           19   0.203   1.319  blinkHzCount[31]_GND_1_o_equal_17_o<31>4 (blinkHzCount[31]_GND_1_o_equal_17_o<31>3)
     LUT4:I0->O            1   0.203   0.579  blinkHzCount[31]_GND_1_o_equal_17_o<31>5 (blinkHzCount[31]_GND_1_o_equal_17_o)
     FDCE:CE                   0.322          blinkHzDiv
    ----------------------------------------
    Total                      4.054ns (1.175ns logic, 2.879ns route)
                                       (29.0% logic, 71.0% route)

=========================================================================
Timing constraint: Default OFFSET IN BEFORE for Clock 'clk'
  Total number of paths / destination ports: 80 / 80
-------------------------------------------------------------------------
Offset:              3.397ns (Levels of Logic = 1)
  Source:            rst (PAD)
  Destination:       twoHzDiv (FF)
  Destination Clock: clk rising

  Data Path: rst to twoHzDiv
                                Gate     Net
    Cell:in->out      fanout   Delay   Delay  Logical Name (Net Name)
    ----------------------------------------  ------------
     IBUF:I->O            80   1.222   1.745  rst_IBUF (rst_IBUF)
     FDCE:CLR                  0.430          twoHzDiv
    ----------------------------------------
    Total                      3.397ns (1.652ns logic, 1.745ns route)
                                       (48.6% logic, 51.4% route)

=========================================================================
Timing constraint: Default OFFSET OUT AFTER for Clock 'clk'
  Total number of paths / destination ports: 4 / 4
-------------------------------------------------------------------------
Offset:              3.668ns (Levels of Logic = 1)
  Source:            twoHundredHzDiv (FF)
  Destination:       twoHundredHz (PAD)
  Source Clock:      clk rising

  Data Path: twoHundredHzDiv to twoHundredHz
                                Gate     Net
    Cell:in->out      fanout   Delay   Delay  Logical Name (Net Name)
    ----------------------------------------  ------------
     FDCE:C->Q             3   0.447   0.650  twoHundredHzDiv (twoHundredHzDiv)
     OBUF:I->O                 2.571          twoHundredHz_OBUF (twoHundredHz)
    ----------------------------------------
    Total                      3.668ns (3.018ns logic, 0.650ns route)
                                       (82.3% logic, 17.7% route)

=========================================================================

Cross Clock Domains Report:
--------------------------

Clock to Setup on destination clock clk
---------------+---------+---------+---------+---------+
               | Src:Rise| Src:Fall| Src:Rise| Src:Fall|
Source Clock   |Dest:Rise|Dest:Rise|Dest:Fall|Dest:Fall|
---------------+---------+---------+---------+---------+
clk            |    4.054|         |         |         |
---------------+---------+---------+---------+---------+

=========================================================================


Total REAL time to Xst completion: 21.00 secs
Total CPU time to Xst completion: 20.13 secs
 
--> 


Total memory usage is 482260 kilobytes

Number of errors   :    0 (   0 filtered)
Number of warnings :   35 (   0 filtered)
Number of infos    :    7 (   0 filtered)

